#-----------------------------------------------------------
# Vivado v2024.1 (64-bit)
# SW Build 5076996 on Wed May 22 18:37:14 MDT 2024
# IP Build 5075265 on Wed May 22 21:45:21 MDT 2024
# SharedData Build 5076995 on Wed May 22 18:29:18 MDT 2024
# Start of session at: Thu Apr 23 15:15:57 2026
# Process ID: 21184
# Current directory: X:/ec311_project_whackamole/final_project.runs/synth_1
# Command line: vivado.exe -log mole_main.vds -product Vivado -mode batch -messageDb vivado.pb -notrace -source mole_main.tcl
# Log file: X:/ec311_project_whackamole/final_project.runs/synth_1/mole_main.vds
# Journal file: X:/ec311_project_whackamole/final_project.runs/synth_1\vivado.jou
# Running On        :ECE-PHO115-13
# Platform          :Windows Server 2016 or Windows 10
# Operating System  :19045
# Processor Detail  :12th Gen Intel(R) Core(TM) i7-12700K
# CPU Frequency     :3610 MHz
# CPU Physical cores:12
# CPU Logical cores :20
# Host memory       :16853 MB
# Swap memory       :3464 MB
# Total Virtual     :20318 MB
# Available Virtual :3830 MB
#-----------------------------------------------------------
source mole_main.tcl -notrace
